{
  "version": "1.5.0",
  "plugins_used": [
    {
      "name": "ArtifactoryDetector"
    },
    {
      "name": "AWSKeyDetector"
    },
    {
      "name": "AzureStorageKeyDetector"
    },
    {
      "name": "Base64HighEntropyString",
      "limit": 4.5
    },
    {
      "name": "BasicAuthDetector"
    },
    {
      "name": "CloudantDetector"
    },
    {
      "name": "DiscordBotTokenDetector"
    },
    {
      "name": "GitHubTokenDetector"
    },
    {
      "name": "GitLabTokenDetector"
    },
    {
      "name": "HexHighEntropyString",
      "limit": 3.0
    },
    {
      "name": "IbmCloudIamDetector"
    },
    {
      "name": "IbmCosHmacDetector"
    },
    {
      "name": "IPPublicDetector"
    },
    {
      "name": "JwtTokenDetector"
    },
    {
      "name": "KeywordDetector",
      "keyword_exclude": ""
    },
    {
      "name": "MailchimpDetector"
    },
    {
      "name": "NpmDetector"
    },
    {
      "name": "OpenAIDetector"
    },
    {
      "name": "PrivateKeyDetector"
    },
    {
      "name": "PypiTokenDetector"
    },
    {
      "name": "SendGridDetector"
    },
    {
      "name": "SlackDetector"
    },
    {
      "name": "SoftlayerDetector"
    },
    {
      "name": "SquareOAuthDetector"
    },
    {
      "name": "StripeDetector"
    },
    {
      "name": "TelegramBotTokenDetector"
    },
    {
      "name": "TwilioKeyDetector"
    }
  ],
  "filters_used": [
    {
      "path": "detect_secrets.filters.allowlist.is_line_allowlisted"
    },
    {
      "path": "detect_secrets.filters.common.is_baseline_file",
      "filename": ".secrets.baseline"
    },
    {
      "path": "detect_secrets.filters.common.is_ignored_due_to_verification_policies",
      "min_level": 2
    },
    {
      "path": "detect_secrets.filters.heuristic.is_indirect_reference"
    },
    {
      "path": "detect_secrets.filters.heuristic.is_likely_id_string"
    },
    {
      "path": "detect_secrets.filters.heuristic.is_lock_file"
    },
    {
      "path": "detect_secrets.filters.heuristic.is_not_alphanumeric_string"
    },
    {
      "path": "detect_secrets.filters.heuristic.is_potential_uuid"
    },
    {
      "path": "detect_secrets.filters.heuristic.is_prefixed_with_dollar_sign"
    },
    {
      "path": "detect_secrets.filters.heuristic.is_sequential_string"
    },
    {
      "path": "detect_secrets.filters.heuristic.is_swagger_file"
    },
    {
      "path": "detect_secrets.filters.heuristic.is_templated_secret"
    },
    {
      "path": "detect_secrets.filters.regex.should_exclude_file",
      "pattern": [
        "node_modules/.*",
        "lib/.*",
        "out/.*",
        "dist/.*",
        "\\.next/.*",
        "package-lock\\.json",
        "\\.gas-snapshot",
        "baselines/sepolia-v[0-9]+\\.[0-9]+\\.[0-9]+/.*"
      ]
    }
  ],
  "results": {
    "docs/dev/TESTING.md": [
      {
        "type": "Secret Keyword",
        "filename": "docs/dev/TESTING.md",
        "hashed_secret": "c636a7679743c2fdc648286a5f2dc60dd4ab1f16",
        "is_verified": false,
        "line_number": 278
      }
    ],
    "docs/dev/internal/APR_24_DECOMMISSION_RUNBOOK.md": [
      {
        "type": "Secret Keyword",
        "filename": "docs/dev/internal/APR_24_DECOMMISSION_RUNBOOK.md",
        "hashed_secret": "c636a7679743c2fdc648286a5f2dc60dd4ab1f16",
        "is_verified": false,
        "line_number": 26
      }
    ],
    "frontend/src/app/se/route.test.ts": [
      {
        "type": "Hex High Entropy String",
        "filename": "frontend/src/app/se/route.test.ts",
        "hashed_secret": "0a0b3e4d3de8b7e464a5b551b269c84760f373c0",
        "is_verified": false,
        "line_number": 11
      },
      {
        "type": "Basic Auth Credentials",
        "filename": "frontend/src/app/se/route.test.ts",
        "hashed_secret": "e5e9fa1ba31ecd1ae84f75caaa474f3a663f05f4",
        "is_verified": false,
        "line_number": 46
      }
    ],
    "frontend/wrangler.json": [
      {
        "type": "Base64 High Entropy String",
        "filename": "frontend/wrangler.json",
        "hashed_secret": "bfc398cb11b08e58e8ca6931e03e73dcadd9946c",
        "is_verified": false,
        "line_number": 25
      }
    ],
    "keeper/src/run.ts": [
      {
        "type": "Secret Keyword",
        "filename": "keeper/src/run.ts",
        "hashed_secret": "ecb252044b5ea0f679ee78ec1a12904739e2904d",
        "is_verified": false,
        "line_number": 480
      }
    ],
    "ops/_template/event-watcher.template.env": [
      {
        "type": "Secret Keyword",
        "filename": "ops/_template/event-watcher.template.env",
        "hashed_secret": "c03f73bcc61dc007aa9b946655413f674ceb8057",
        "is_verified": false,
        "line_number": 43
      }
    ],
    "packages/node-utils/test/logger.test.mjs": [
      {
        "type": "Secret Keyword",
        "filename": "packages/node-utils/test/logger.test.mjs",
        "hashed_secret": "f3bbbd66a63d4bf1747940578ec3d0103530e21d",
        "is_verified": false,
        "line_number": 42
      },
      {
        "type": "Secret Keyword",
        "filename": "packages/node-utils/test/logger.test.mjs",
        "hashed_secret": "c70e773f954a522ba14a1ee32c192eea20f096e1",
        "is_verified": false,
        "line_number": 43
      },
      {
        "type": "Secret Keyword",
        "filename": "packages/node-utils/test/logger.test.mjs",
        "hashed_secret": "b9fb32393e246e6371d77c17091b966dba6f8800",
        "is_verified": false,
        "line_number": 45
      }
    ],
    "services/event-watcher/test/redis.test.ts": [
      {
        "type": "Secret Keyword",
        "filename": "services/event-watcher/test/redis.test.ts",
        "hashed_secret": "f2b14f68eb995facb3a1c35287b778d5bd785511",
        "is_verified": false,
        "line_number": 488
      }
    ],
    "workers/chat/.dev.vars.example": [
      {
        "type": "Secret Keyword",
        "filename": "workers/chat/.dev.vars.example",
        "hashed_secret": "2fdb117d6514c2690a608273458fbdf320082d40",
        "is_verified": false,
        "line_number": 6
      },
      {
        "type": "Secret Keyword",
        "filename": "workers/chat/.dev.vars.example",
        "hashed_secret": "b7cc0748b4282ace5f9aeec50119802557985cc5",
        "is_verified": false,
        "line_number": 9
      }
    ],
    "workers/chat/src/test/chatAuditConsumer.test.ts": [
      {
        "type": "Secret Keyword",
        "filename": "workers/chat/src/test/chatAuditConsumer.test.ts",
        "hashed_secret": "a94a8fe5ccb19ba61c4c0873d391e987982fbbd3",
        "is_verified": false,
        "line_number": 50
      },
      {
        "type": "Secret Keyword",
        "filename": "workers/chat/src/test/chatAuditConsumer.test.ts",
        "hashed_secret": "e5e9fa1ba31ecd1ae84f75caaa474f3a663f05f4",
        "is_verified": false,
        "line_number": 51
      }
    ],
    "workers/chat/src/test/csrf.unit.test.ts": [
      {
        "type": "Base64 High Entropy String",
        "filename": "workers/chat/src/test/csrf.unit.test.ts",
        "hashed_secret": "98faf5c925d197c4372c234b8a3aa818d60c56ce",
        "is_verified": false,
        "line_number": 28
      }
    ],
    "workers/chat/src/test/gameFeed.integration.test.ts": [
      {
        "type": "Secret Keyword",
        "filename": "workers/chat/src/test/gameFeed.integration.test.ts",
        "hashed_secret": "8207142cf3bef5f01716f7af776cb13aa0d30061",
        "is_verified": false,
        "line_number": 22
      },
      {
        "type": "Secret Keyword",
        "filename": "workers/chat/src/test/gameFeed.integration.test.ts",
        "hashed_secret": "7deeb1b520a95d17eb2f4cf59b05d5c5f9e71e4d",
        "is_verified": false,
        "line_number": 111
      }
    ],
    "workers/chat/src/test/helpers.ts": [
      {
        "type": "Secret Keyword",
        "filename": "workers/chat/src/test/helpers.ts",
        "hashed_secret": "bb0eda1eeecfd7e45021a90d48e220cadc46fef6",
        "is_verified": false,
        "line_number": 36
      },
      {
        "type": "Secret Keyword",
        "filename": "workers/chat/src/test/helpers.ts",
        "hashed_secret": "8207142cf3bef5f01716f7af776cb13aa0d30061",
        "is_verified": false,
        "line_number": 459
      }
    ],
    "workers/chat/src/test/queueConsumer.test.ts": [
      {
        "type": "Secret Keyword",
        "filename": "workers/chat/src/test/queueConsumer.test.ts",
        "hashed_secret": "a94a8fe5ccb19ba61c4c0873d391e987982fbbd3",
        "is_verified": false,
        "line_number": 86
      },
      {
        "type": "Secret Keyword",
        "filename": "workers/chat/src/test/queueConsumer.test.ts",
        "hashed_secret": "e5e9fa1ba31ecd1ae84f75caaa474f3a663f05f4",
        "is_verified": false,
        "line_number": 87
      }
    ],
    "workers/chat/src/test/queueFailures.test.ts": [
      {
        "type": "Secret Keyword",
        "filename": "workers/chat/src/test/queueFailures.test.ts",
        "hashed_secret": "a94a8fe5ccb19ba61c4c0873d391e987982fbbd3",
        "is_verified": false,
        "line_number": 13
      }
    ],
    "workers/chat/wrangler.toml": [
      {
        "type": "Base64 High Entropy String",
        "filename": "workers/chat/wrangler.toml",
        "hashed_secret": "377024a0100ad197d7da6afb0c99405f4c4bea6f",
        "is_verified": false,
        "line_number": 103
      },
      {
        "type": "Secret Keyword",
        "filename": "workers/chat/wrangler.toml",
        "hashed_secret": "bdc552f5ebd2288986c4a272b442eca083fc0b71",
        "is_verified": false,
        "line_number": 253
      }
    ]
  },
  "generated_at": "2026-06-19T01:48:54Z"
}
